
The Nautilus application development team has been working on a project repository /opt/official.git. This repo is cloned at /usr/src/kodekloudrepos on storage server in Stratos DC. They recently shared the following requirements with DevOps team:


Create a new branch xfusion in /usr/src/kodekloudrepos/official repo from master and copy the /tmp/index.html file (present on storage server itself) into the repo. Further, add/commit this file in the new branch and merge back that branch into master branch. Finally, push the changes to the origin for both of the branches.

thor@jump_host ~$ ssh natasha@ststor01
The authenticity of host 'ststor01 (172.16.238.15)' can't be established.
ECDSA key fingerprint is SHA256:dcPL7ghdfZmDLI1xb9ldXndloL45CX3IsR+5BwUD+Oo.
Are you sure you want to continue connecting (yes/no/[fingerprint])? yes
Warning: Permanently added 'ststor01,172.16.238.15' (ECDSA) to the list of known hosts.
natasha@ststor01's password: 
[natasha@ststor01 ~]$ sudo su -

We trust you have received the usual lecture from the local System
Administrator. It usually boils down to these three things:

    #1) Respect the privacy of others.
    #2) Think before you type.
    #3) With great power comes great responsibility.

[sudo] password for natasha: 
[root@ststor01 ~]# ls -l /usr/src/kodekloudrepos/official
total 8
-rw-r--r-- 1 root root 34 Mar 28 16:18 info.txt
-rw-r--r-- 1 root root 26 Mar 28 16:18 welcome.txt
[root@ststor01 ~]# cd /usr/src/kodekloudrepos/official
[root@ststor01 official]# git status
On branch master
Your branch is up to date with 'origin/master'.

nothing to commit, working tree clean
[root@ststor01 official]# git checkout -b xfusion
Switched to a new branch 'xfusion'
[root@ststor01 official]# git status
On branch xfusion
nothing to commit, working tree clean
[root@ststor01 official]# git branches
git: 'branches' is not a git command. See 'git --help'.
[root@ststor01 official]# git branche
git: 'branche' is not a git command. See 'git --help'.

The most similar command is
        branch
[root@ststor01 official]# git branch
  master
* xfusion
[root@ststor01 official]# cp /tmp/index.html /usr/src/kodekloudrepos/official
[root@ststor01 official]# ls -l /usr/src/kodekloudrepos/official
total 12
-rw-r--r-- 1 root root 27 Mar 28 16:24 index.html
-rw-r--r-- 1 root root 34 Mar 28 16:18 info.txt
-rw-r--r-- 1 root root 26 Mar 28 16:18 welcome.txt
[root@ststor01 official]# git add index.html
[root@ststor01 official]# git commit -m "add official"
[xfusion ae7c648] add official
 1 file changed, 1 insertion(+)
 create mode 100644 index.html
[root@ststor01 official]# git checkout master
Switched to branch 'master'
Your branch is up to date with 'origin/master'.
[root@ststor01 official]# git merge xfusion
Updating 376c19a..ae7c648
Fast-forward
 index.html | 1 +
 1 file changed, 1 insertion(+)
 create mode 100644 index.html
[root@ststor01 official]# git push -u origin xfusion
Enumerating objects: 4, done.
Counting objects: 100% (4/4), done.
Delta compression using up to 36 threads
Compressing objects: 100% (2/2), done.
Writing objects: 100% (3/3), 326 bytes | 326.00 KiB/s, done.
Total 3 (delta 0), reused 0 (delta 0), pack-reused 0
To /opt/official.git
 * [new branch]      xfusion -> xfusion
branch 'xfusion' set up to track 'origin/xfusion'.
[root@ststor01 official]# git push -u origin master
Total 0 (delta 0), reused 0 (delta 0), pack-reused 0
To /opt/official.git
   376c19a..ae7c648  master -> master
branch 'master' set up to track 'origin/master'.
[root@ststor01 official]# git status
On branch master
Your branch is up to date with 'origin/master'.

nothing to commit, working tree clean
[root@ststor01 official]# git status
On branch master
Your branch is up to date with 'origin/master'.

nothing to commit, working tree clean
[root@ststor01 official]#
