The Nautilus DevOps team is working to create new images per requirements shared by the development team. One of the team members is working to create a Dockerfile on App Server 1 in Stratos DC. While working on it she ran into issues in which the docker build is failing and displaying errors. Look into the issue and fix it to build an image as per details mentioned below:

      a. The Dockerfile is placed on App Server 1 under /opt/docker directory.

      b. Fix the issues with this file and make sure it is able to build the image.

      c. Do not change base image, any other valid configuration within Dockerfile, or any of the data been used â€” for example, index.html.

Note: Please note that once you click on FINISH button all existing images, the containers will be destroyed and new image will be built from your Dockerfile.

************** # Solution *********************************
thor@jump_host ~$ ssh tony@stapp01
The authenticity of host 'stapp01 (172.16.238.10)' can't be established.
ECDSA key fingerprint is SHA256:V22N2ipXGpos5ezO4Dy6l0ix3Gp9KCvCkSyop7PY3i4.
Are you sure you want to continue connecting (yes/no/[fingerprint])? yes
Warning: Permanently added 'stapp01,172.16.238.10' (ECDSA) to the list of known hosts.
tony@stapp01's password: 
[tony@stapp01 ~]$ sudo su - 

We trust you have received the usual lecture from the local System
Administrator. It usually boils down to these three things:

    #1) Respect the privacy of others.
    #2) Think before you type.
    #3) With great power comes great responsibility.

[sudo] password for tony: 
[root@stapp01 ~]# docker images
REPOSITORY          TAG                 IMAGE ID            CREATED             SIZE
[root@stapp01 ~]# cd /opt/docker
[root@stapp01 docker]# vi Dockerfile
[root@stapp01 docker]# cat Dockerfile
FROM httpd:2.4.43

RUN sed -i "s/Listen 80/Listen 8080/g" /usr/local/apache2/conf.d/httpd.conf

RUN sed -i '/LoadModule\ ssl_module modules\/mod_ssl.so/s/^#//g' conf.d/httpd.conf

RUN sed -i '/LoadModule\ socache_shmcb_module modules\/mod_socache_shmcb.so/s/^#//g' conf.d/httpd.conf

RUN sed -i '/Include\ conf\/extra\/httpd-ssl.conf/s/^#//g' conf.d/httpd.conf

COPY certs/server.crt /usr/local/apache2/conf/server.crt

COPY certs/server.key /usr/local/apache2/conf/server.key

COPY html/index.html /usr/local/apache2/htdocs/[root@stapp01 docker]# 
[root@stapp01 docker]# vi Dockerfile
[root@stapp01 docker]# cat Dockerfile
FROM httpd:2.4.43

RUN sed -i "s/Listen 80/Listen 8080/g" /usr/local/apache2/conf.d/httpd.conf

RUN sed -i '/LoadModule\ ssl_module modules\/mod_ssl.so/s/^#//g' /usr/local/apache2/conf.d/httpd.conf

RUN sed -i '/LoadModule\ socache_shmcb_module modules\/mod_socache_shmcb.so/s/^#//g' /usr/local/apache2/conf.d/httpd.conf

RUN sed -i '/Include\ conf\/extra\/httpd-ssl.conf/s/^#//g' /usr/local/apache2/conf.d/httpd.conf

COPY certs/server.crt /usr/local/apache2/conf/server.crt

COPY certs/server.key /usr/local/apache2/conf/server.key

COPY html/index.html /usr/local/apache2/htdocs/
[root@stapp01 docker]# docker build -t httpd_image .
Sending build context to Docker daemon  9.216kB
Step 1/8 : FROM httpd:2.4.43
2.4.43: Pulling from library/httpd
bf5952930446: Pull complete 
3d3fecf6569b: Pull complete 
b5fc3125d912: Pull complete 
3c61041685c0: Pull complete 
34b7e9053f76: Pull complete 
Digest: sha256:cd88fee4eab37f0d8cd04b06ef97285ca981c27b4d685f0321e65c5d4fd49357
Status: Downloaded newer image for httpd:2.4.43
 ---> f1455599cc2e
Step 2/8 : RUN sed -i "s/Listen 80/Listen 8080/g" /usr/local/apache2/conf.d/httpd.conf
 ---> Running in 12e60ce98df9
sed: can't read /usr/local/apache2/conf.d/httpd.conf: No such file or directory
The command '/bin/sh -c sed -i "s/Listen 80/Listen 8080/g" /usr/local/apache2/conf.d/httpd.conf' returned a non-zero code: 2
[root@stapp01 docker]# vi Dockerfile
[root@stapp01 docker]# cat Dockerfile
FROM httpd:2.4.43

RUN sed -i "s/Listen 80/Listen 8080/g" /usr/local/apache2/conf/httpd.conf

RUN sed -i '/LoadModule\ ssl_module modules\/mod_ssl.so/s/^#//g' /usr/local/apache2/conf/httpd.conf

RUN sed -i '/LoadModule\ socache_shmcb_module modules\/mod_socache_shmcb.so/s/^#//g'  /usr/local/apache2/conf/httpd.conf

RUN sed -i '/Include\ conf\/extra\/httpd-ssl.conf/s/^#//g' /usr/local/apache2/conf/httpd.conf

COPY certs/server.crt /usr/local/apache2/conf/server.crt

COPY certs/server.key /usr/local/apache2/conf/server.key

COPY html/index.html /usr/local/apache2/htdocs/
[root@stapp01 docker]# docker build -t httpd_image .
Sending build context to Docker daemon  9.216kB
Step 1/8 : FROM httpd:2.4.43
 ---> f1455599cc2e
Step 2/8 : RUN sed -i "s/Listen 80/Listen 8080/g" /usr/local/apache2/conf/httpd.conf
 ---> Running in c17ac12d0b08
Removing intermediate container c17ac12d0b08
 ---> eb5267c16ff9
Step 3/8 : RUN sed -i '/LoadModule\ ssl_module modules\/mod_ssl.so/s/^#//g' /usr/local/apache2/conf/httpd.conf
 ---> Running in fdce7ccc4bbf
Removing intermediate container fdce7ccc4bbf
 ---> e8231e8ea49c
Step 4/8 : RUN sed -i '/LoadModule\ socache_shmcb_module modules\/mod_socache_shmcb.so/s/^#//g'  /usr/local/apache2/conf/httpd.conf
 ---> Running in 0579ef7217d1
Removing intermediate container 0579ef7217d1
 ---> a23b03c162dd
Step 5/8 : RUN sed -i '/Include\ conf\/extra\/httpd-ssl.conf/s/^#//g' /usr/local/apache2/conf/httpd.conf
 ---> Running in f84c7ba3e21b
Removing intermediate container f84c7ba3e21b
 ---> b2953c8f6ac9
Step 6/8 : COPY certs/server.crt /usr/local/apache2/conf/server.crt
 ---> 7d209873e6cf
Step 7/8 : COPY certs/server.key /usr/local/apache2/conf/server.key
 ---> f9f9af52e243
Step 8/8 : COPY html/index.html /usr/local/apache2/htdocs/
 ---> 6cf8eff950dd
Successfully built 6cf8eff950dd
Successfully tagged httpd_image:latest

********************************* VERIFICATION ************************************
As we see :  Successfully built 6cf8eff950dd  &&  Successfully tagged httpd_image:latest. This means task was done successfully but let's further verify
Check docker images and we see httpd 2.4.43 can be found. 

[root@stapp01 docker]# docker images
REPOSITORY          TAG                 IMAGE ID            CREATED             SIZE
httpd_image         latest              6cf8eff950dd        14 seconds ago      166MB
httpd               2.4.43              f1455599cc2e        3 years ago         166MB
[root@stapp01 docker]#
